// Jest Snapshot v1, https://goo.gl/fbAQLP

exports[`Dashboard component renders the component 1`] = `
<body>
  <div>
    <div
      class="sc-AxhCb drZBlQ"
    >
      <div
        class="sc-AxiKw JgdsP"
      >
        <div>
          <h1>
            Total Portfolio Value
          </h1>
          <h2>
            $100,000.00
          </h2>
          <h3
            class="up"
          >
            <b>
              UP
            </b>
            +
            $0.00
             (
            +
            0
            %) in the last 24h
          </h3>
        </div>
      </div>
      <h1
        class="sc-AxhUy eXNfIf"
      >
        Todays Top Gainers/Loosers
      </h1>
      <h2
        class="sc-AxgMl bPJVOr"
      >
        loading...
      </h2>
      <br />
      <h1
        class="sc-AxhUy eXNfIf"
      >
        All Stocks
      </h1>
      <h2
        class="sc-AxgMl bPJVOr"
      >
        loading...
      </h2>
    </div>
  </div>
</body>
`;
