// Jest Snapshot v1, https://goo.gl/fbAQLP

exports[`Stock component renders the component 1`] = `
<body>
  <div>
    <div
      class="sc-fznZeY UYNYw"
    >
      <div
        class="sc-fzokOt kMrGAK"
      >
        <div
          class="sc-fzqBZW jvZvKA"
        >
          <h1>
            Alphabet inc.
             (
            GOOG
            )
          </h1>
          <h1>
            $1,022.12
          </h1>
          <h3>
            <span
              class="up"
            >
              <b>
                UP
              </b>
               
              $10.00
               (
              +
              0.99
              %)
            </span>
             
            Today
          </h3>
        </div>
        <div
          class="sc-AxjAm bntWza"
        >
          <div />
        </div>
        <div
          class="sc-Axmtr cPsZdJ"
        >
          <div>
            <h1>
              News
            </h1>
            <div
              class="sc-AxheI fbSfxg"
            >
              <div
                class="sc-AxgMl dXfzzr"
              >
                <div>
                  <h1>
                    Google did an oopsie
                  </h1>
                  <h2>
                    21/02/20
                  </h2>
                </div>
                <p>
                  Big oof
                </p>
              </div>
            </div>
          </div>
          <div>
            <h1>
              About
            </h1>
            <div>
              <p />
            </div>
          </div>
        </div>
      </div>
      <div
        class="sc-AxiKw uhUcc"
      >
        <div
          class="sc-AxhUy hFOTWb"
        >
          <button
            class="sc-AxirZ hUkvjP"
          >
            TRADE
          </button>
          <br />
          <br />
          <h2
            class="price"
          >
            Change
          </h2>
          <h1>
            <table>
              <tbody>
                <tr>
                  <td>
                    <p>
                      1h
                    </p>
                  </td>
                  <td>
                    <p>
                      <span
                        class="up"
                      >
                        +2.2%
                      </span>
                    </p>
                  </td>
                </tr>
                <tr>
                  <td>
                    <p>
                      24h
                    </p>
                  </td>
                  <td>
                    <p>
                      <span
                        class="up"
                      >
                        +9.1%
                      </span>
                    </p>
                  </td>
                </tr>
                <tr>
                  <td>
                    <p>
                      7d
                    </p>
                  </td>
                  <td>
                    <p>
                      <span
                        class="down"
                      >
                        -10.1%
                      </span>
                    </p>
                  </td>
                </tr>
              </tbody>
            </table>
          </h1>
          <h2>
            Shares Owned
          </h2>
          <h1>
            46 Shares
          </h1>
          <h2>
            Average Cost
          </h2>
          <h1>
            $800
          </h1>
          <h2>
            Total Cost
          </h2>
          <h1>
            $36,800
          </h1>
        </div>
        <br />
        <h2>
          Stats
        </h2>
        <table
          class="sc-AxhCb kRZSFq"
        >
          <tbody>
            <tr>
              <td>
                <p>
                  Market Cap
                </p>
              </td>
              <td>
                <p>
                  $900 Mio
                </p>
              </td>
            </tr>
            <tr>
              <td>
                <p>
                  Volume (24h)
                </p>
              </td>
              <td>
                <p>
                  582,709
                </p>
              </td>
            </tr>
            <tr>
              <td>
                <p>
                  Previous Close 
                </p>
              </td>
              <td>
                <p>
                  $1,518.15
                </p>
              </td>
            </tr>
            <tr>
              <td>
                <p>
                  Open 
                </p>
              </td>
              <td>
                <p>
                  $1,518.15
                </p>
              </td>
            </tr>
            <tr>
              <td>
                <p>
                  1y Target Est 
                </p>
              </td>
              <td>
                <p>
                  $1,616.37
                </p>
              </td>
            </tr>
            <tr>
              <td>
                <p>
                  Day's Range 
                </p>
              </td>
              <td>
                <p>
                  $1,498.39
                  <br />
                  - $1,512.21
                </p>
              </td>
            </tr>
            <tr>
              <td>
                <p>
                  52 Week Range
                </p>
              </td>
              <td>
                <p>
                  $1,025.00
                  <br />
                  - $1,532.11
                </p>
              </td>
            </tr>
          </tbody>
        </table>
      </div>
    </div>
  </div>
</body>
`;
